LOAD 'csap_passwordcheck';
CREATE USER testuser;
-- ok
ALTER USER testuser PASSWORD '45wow77!O0';
-- error: too short
ALTER USER testuser PASSWORD 'tooshort!';
ERROR:  password is too short
DETAIL:  password must be at least 10 bytes long
-- error: contains user name
ALTER USER testuser PASSWORD 'testuser1!2@';
ERROR:  password must not contain user name
-- error: contains only letters
ALTER USER testuser PASSWORD 'qpwoeiruty';
ERROR:  password must contain letters, digits, and special characters
-- error: contains only digits
ALTER USER testuser PASSWORD '1029384756';
ERROR:  password must contain letters, digits, and special characters
-- error: contains only specials
ALTER USER testuser PASSWORD '!)@(#*$&%^)';
ERROR:  password must contain letters, digits, and special characters
-- error: missing letters
ALTER USER testuser PASSWORD '10293*$&%^';
ERROR:  password must contain letters, digits, and special characters
-- error: missing digits
ALTER USER testuser PASSWORD 'q)w(e*r&t^';
ERROR:  password must contain letters, digits, and special characters
-- error: missing specials
ALTER USER testuser PASSWORD 'q0w9e8r7t6';
ERROR:  password must contain letters, digits, and special characters
-- error: password is encrypted
ALTER USER testuser PASSWORD 'md507a112732ed9f2087fa90b192d44e358';
ERROR:  only support plaintext password
DROP USER testuser;
